2026-09-05 16:31:02,782 - [INFO] - MovieHub - Bot ishga tushirilmoqda...
2026-09-05 16:31:02,785 - [INFO] - database - Ma'lumotlar bazasi muvaffaqiyatli ishga tushirildi.
2026-09-05 16:31:03,627 - [ERROR] - asyncio - Unclosed client session
client_session: <aiohttp.client.ClientSession object at 0x0000026A2EB72660>
2026-09-05 16:31:03,628 - [ERROR] - asyncio - Unclosed connector
connections: ['deque([(<aiohttp.client_proto.ResponseHandler object at 0x0000026A2EB5B290>, 26924.3334737)])']
connector: <aiohttp.connector.TCPConnector object at 0x0000026A2EB72270>
2026-09-05 16:31:14,079 - [INFO] - MovieHub - Bot ishga tushirilmoqda...
2026-09-05 16:31:14,081 - [INFO] - database - Ma'lumotlar bazasi muvaffaqiyatli ishga tushirildi.
2026-09-05 16:31:14,951 - [INFO] - aiogram.dispatcher - Start polling
2026-09-05 16:31:15,050 - [INFO] - aiogram.dispatcher - Run polling for bot @mov1ehubbot id=8621462566 - 'MovieHub'
2026-09-05 16:39:12,645 - [INFO] - MovieHub - Bot ishga tushirilmoqda...
2026-09-05 16:39:12,648 - [INFO] - database - Ma'lumotlar bazasi muvaffaqiyatli ishga tushirildi.
2026-09-05 16:39:13,653 - [INFO] - aiogram.dispatcher - Start polling
2026-09-05 16:39:13,755 - [INFO] - aiogram.dispatcher - Run polling for bot @mov1ehubbot id=8621462566 - 'MovieHub'
2026-09-05 16:39:16,493 - [INFO] - aiogram.event - Update id=514871430 is handled. Duration 328 ms by bot id=8621462566
2026-09-05 16:39:29,949 - [INFO] - aiogram.event - Update id=514871431 is handled. Duration 300 ms by bot id=8621462566
2026-09-05 16:39:38,667 - [INFO] - aiogram.event - Update id=514871432 is handled. Duration 432 ms by bot id=8621462566
2026-09-05 16:39:40,074 - [INFO] - aiogram.event - Update id=514871433 is handled. Duration 305 ms by bot id=8621462566
2026-09-05 16:39:43,657 - [INFO] - aiogram.event - Update id=514871434 is handled. Duration 152 ms by bot id=8621462566
2026-09-05 16:43:02,839 - [INFO] - aiogram.event - Update id=514871435 is handled. Duration 174 ms by bot id=8621462566
2026-09-05 16:43:06,316 - [INFO] - aiogram.event - Update id=514871436 is handled. Duration 199 ms by bot id=8621462566
2026-09-05 16:43:10,515 - [INFO] - aiogram.event - Update id=514871437 is handled. Duration 188 ms by bot id=8621462566
2026-09-05 16:43:31,041 - [INFO] - aiogram.event - Update id=514871438 is handled. Duration 140 ms by bot id=8621462566
2026-09-05 16:43:54,140 - [INFO] - aiogram.event - Update id=514871439 is handled. Duration 308 ms by bot id=8621462566
2026-09-05 16:43:57,837 - [INFO] - aiogram.event - Update id=514871440 is handled. Duration 316 ms by bot id=8621462566
2026-09-05 16:44:02,229 - [INFO] - aiogram.event - Update id=514871441 is handled. Duration 306 ms by bot id=8621462566
2026-09-05 16:44:07,217 - [INFO] - aiogram.event - Update id=514871442 is handled. Duration 174 ms by bot id=8621462566
2026-09-05 16:45:11,391 - [INFO] - aiogram.event - Update id=514871443 is handled. Duration 459 ms by bot id=8621462566
2026-09-05 16:45:38,084 - [INFO] - aiogram.event - Update id=514871444 is handled. Duration 238 ms by bot id=8621462566
2026-09-05 16:53:03,780 - [INFO] - MovieHub - Bot ishga tushirilmoqda...
2026-09-05 16:53:03,783 - [INFO] - database - Ma'lumotlar bazasi muvaffaqiyatli ishga tushirildi.
2026-09-05 16:53:04,771 - [INFO] - aiogram.dispatcher - Start polling
2026-09-05 16:53:04,969 - [INFO] - aiogram.dispatcher - Run polling for bot @mov1ehubbot id=8621462566 - 'MovieHub'
2026-09-05 16:53:05,705 - [INFO] - aiogram.event - Update id=514871445 is handled. Duration 323 ms by bot id=8621462566
2026-09-05 16:53:14,721 - [INFO] - aiogram.event - Update id=514871446 is handled. Duration 188 ms by bot id=8621462566
2026-09-05 16:53:20,949 - [INFO] - aiogram.event - Update id=514871447 is handled. Duration 181 ms by bot id=8621462566
2026-09-05 16:53:25,225 - [INFO] - aiogram.event - Update id=514871448 is handled. Duration 176 ms by bot id=8621462566
2026-09-05 16:55:17,179 - [INFO] - aiogram.event - Update id=514871449 is handled. Duration 194 ms by bot id=8621462566
2026-09-05 16:55:42,268 - [INFO] - aiogram.event - Update id=514871450 is handled. Duration 129 ms by bot id=8621462566
2026-09-05 16:55:47,837 - [INFO] - aiogram.event - Update id=514871451 is handled. Duration 195 ms by bot id=8621462566
2026-09-05 16:55:50,254 - [INFO] - aiogram.event - Update id=514871452 is handled. Duration 233 ms by bot id=8621462566
2026-09-05 16:55:53,550 - [INFO] - aiogram.event - Update id=514871453 is handled. Duration 317 ms by bot id=8621462566
2026-09-05 16:55:56,502 - [INFO] - aiogram.event - Update id=514871454 is handled. Duration 206 ms by bot id=8621462566
2026-09-05 16:58:09,724 - [INFO] - aiogram.event - Update id=514871455 is handled. Duration 133 ms by bot id=8621462566
2026-09-05 17:02:41,857 - [INFO] - aiogram.event - Update id=514871456 is handled. Duration 172 ms by bot id=8621462566
2026-09-05 17:03:43,160 - [INFO] - handlers.channel - 🎬 Kanal posti muvaffaqiyatli saqlandi: Kod [1], Nomi: 'Tamala', Message ID: 6
2026-09-05 17:03:43,160 - [INFO] - aiogram.event - Update id=514871457 is handled. Duration 17 ms by bot id=8621462566
2026-09-05 17:04:07,020 - [INFO] - aiogram.event - Update id=514871458 is handled. Duration 204 ms by bot id=8621462566
2026-09-05 17:04:30,617 - [INFO] - handlers.channel - 🎬 Kanal posti muvaffaqiyatli saqlandi: Kod [43], Nomi: 'Tamala', Message ID: 6
2026-09-05 17:04:30,617 - [INFO] - aiogram.event - Update id=514871459 is handled. Duration 14 ms by bot id=8621462566
2026-09-05 17:04:35,489 - [INFO] - aiogram.event - Update id=514871460 is handled. Duration 307 ms by bot id=8621462566
2026-09-05 17:06:18,629 - [INFO] - aiogram.event - Update id=514871461 is handled. Duration 0 ms by bot id=8621462566
2026-09-05 17:06:36,494 - [INFO] - aiogram.event - Update id=514871462 is handled. Duration 1 ms by bot id=8621462566
2026-09-05 17:06:43,715 - [INFO] - aiogram.event - Update id=514871463 is handled. Duration 184 ms by bot id=8621462566
2026-09-05 17:07:07,498 - [INFO] - aiogram.event - Update id=514871464 is handled. Duration 182 ms by bot id=8621462566
2026-09-05 17:07:13,091 - [INFO] - aiogram.event - Update id=514871465 is handled. Duration 197 ms by bot id=8621462566
2026-09-05 17:07:23,638 - [INFO] - aiogram.event - Update id=514871466 is handled. Duration 202 ms by bot id=8621462566
2026-09-05 17:07:30,088 - [INFO] - aiogram.event - Update id=514871467 is handled. Duration 203 ms by bot id=8621462566
2026-09-05 17:07:33,264 - [INFO] - aiogram.event - Update id=514871468 is handled. Duration 204 ms by bot id=8621462566
2026-09-05 17:08:09,517 - [INFO] - handlers.channel - 🎬 Kanal posti muvaffaqiyatli saqlandi: Kod [1], Nomi: '[Kino nomi]', Message ID: 7
2026-09-05 17:08:09,517 - [INFO] - aiogram.event - Update id=514871469 is handled. Duration 15 ms by bot id=8621462566
2026-09-05 17:08:17,854 - [INFO] - aiogram.event - Update id=514871470 is handled. Duration 167 ms by bot id=8621462566
2026-09-05 17:08:20,676 - [INFO] - aiogram.event - Update id=514871471 is handled. Duration 158 ms by bot id=8621462566
2026-09-05 17:08:29,017 - [INFO] - aiogram.event - Update id=514871472 is handled. Duration 139 ms by bot id=8621462566
2026-09-05 17:17:12,154 - [INFO] - MovieHub - Bot ishga tushirilmoqda...
2026-09-05 17:17:12,157 - [INFO] - database - Ma'lumotlar bazasi muvaffaqiyatli ishga tushirildi.
2026-09-05 17:17:13,592 - [INFO] - aiogram.dispatcher - Start polling
2026-09-05 17:17:13,795 - [INFO] - aiogram.dispatcher - Run polling for bot @mov1ehubbot id=8621462566 - 'MovieHub'
2026-09-05 17:17:19,323 - [INFO] - aiogram.event - Update id=514871473 is handled. Duration 401 ms by bot id=8621462566
2026-09-05 17:17:27,060 - [INFO] - aiogram.event - Update id=514871474 is handled. Duration 257 ms by bot id=8621462566
2026-09-05 17:17:34,882 - [INFO] - aiogram.event - Update id=514871475 is handled. Duration 237 ms by bot id=8621462566
2026-09-05 17:17:36,923 - [INFO] - aiogram.event - Update id=514871476 is handled. Duration 137 ms by bot id=8621462566
2026-09-05 17:17:59,711 - [INFO] - handlers.channel - Yangi kanal posti keldi! Channel ID: -1004482562203, Msg ID: 8
2026-09-05 17:17:59,725 - [INFO] - handlers.channel - 🎬 Kanal posti muvaffaqiyatli saqlandi: Kod [1], Nomi: '[Kino nomi]', Message ID: 8
2026-09-05 17:17:59,864 - [INFO] - aiogram.event - Update id=514871477 is handled. Duration 153 ms by bot id=8621462566
2026-09-05 17:18:12,172 - [INFO] - aiogram.event - Update id=514871478 is handled. Duration 209 ms by bot id=8621462566
2026-09-05 17:30:31,982 - [INFO] - MovieHub - Bot ishga tushirilmoqda...
2026-09-05 17:30:32,002 - [INFO] - database - Ma'lumotlar bazasi muvaffaqiyatli ishga tushirildi.
2026-09-05 17:30:33,582 - [INFO] - aiogram.dispatcher - Start polling
2026-09-05 17:30:33,685 - [INFO] - aiogram.dispatcher - Run polling for bot @mov1ehubbot id=8621462566 - 'MovieHub'
2026-09-05 17:30:48,844 - [INFO] - aiogram.event - Update id=514871479 is handled. Duration 621 ms by bot id=8621462566
2026-09-05 17:30:57,664 - [INFO] - aiogram.event - Update id=514871480 is not handled. Duration 20 ms by bot id=8621462566
2026-09-05 17:30:57,664 - [ERROR] - aiogram.event - Cause exception while process update id=514871480 by bot id=8621462566
ValidationError: 2 validation errors for SendVideo
video.str
  Input should be a valid string [type=string_type, input_value=None, input_type=NoneType]
    For further information visit https://errors.pydantic.dev/2.12/v/string_type
video.is-instance[InputFile]
  Input should be an instance of InputFile [type=is_instance_of, input_value=None, input_type=NoneType]
    For further information visit https://errors.pydantic.dev/2.12/v/is_instance_of
Traceback (most recent call last):
  File "C:\Users\Hp\AppData\Local\Programs\Python\Python313\Lib\site-packages\aiogram\dispatcher\dispatcher.py", line 320, in _process_update
    response = await self.feed_update(bot, update, **kwargs)
               ^^^^^^^^^^^^^^^^^^^^^^^^^^^^^^^^^^^^^^^^^^^^^
  File "C:\Users\Hp\AppData\Local\Programs\Python\Python313\Lib\site-packages\aiogram\dispatcher\dispatcher.py", line 164, in feed_update
    response = await self.update.wrap_outer_middleware(
               ^^^^^^^^^^^^^^^^^^^^^^^^^^^^^^^^^^^^^^^^
    ...<7 lines>...
    )
    ^
  File "C:\Users\Hp\AppData\Local\Programs\Python\Python313\Lib\site-packages\aiogram\dispatcher\middlewares\error.py", line 27, in __call__
    return await handler(event, data)
           ^^^^^^^^^^^^^^^^^^^^^^^^^^
  File "C:\Users\Hp\AppData\Local\Programs\Python\Python313\Lib\site-packages\aiogram\dispatcher\middlewares\user_context.py", line 58, in __call__
    return await handler(event, data)
           ^^^^^^^^^^^^^^^^^^^^^^^^^^
  File "C:\Users\Hp\AppData\Local\Programs\Python\Python313\Lib\site-packages\aiogram\fsm\middleware.py", line 43, in __call__
    return await handler(event, data)
           ^^^^^^^^^^^^^^^^^^^^^^^^^^
  File "C:\Users\Hp\AppData\Local\Programs\Python\Python313\Lib\site-packages\aiogram\dispatcher\event\telegram.py", line 126, in trigger
    return await wrapped_inner(event, kwargs)
           ^^^^^^^^^^^^^^^^^^^^^^^^^^^^^^^^^^
  File "C:\Users\Hp\AppData\Local\Programs\Python\Python313\Lib\site-packages\aiogram\dispatcher\event\handler.py", line 43, in call
    return await wrapped()
           ^^^^^^^^^^^^^^^
  File "C:\Users\Hp\AppData\Local\Programs\Python\Python313\Lib\site-packages\aiogram\dispatcher\dispatcher.py", line 283, in _listen_update
    return await self.propagate_event(update_type=update_type, event=event, **kwargs)
           ^^^^^^^^^^^^^^^^^^^^^^^^^^^^^^^^^^^^^^^^^^^^^^^^^^^^^^^^^^^^^^^^^^^^^^^^^^
  File "C:\Users\Hp\AppData\Local\Programs\Python\Python313\Lib\site-packages\aiogram\dispatcher\router.py", line 161, in propagate_event
    return await observer.wrap_outer_middleware(_wrapped, event=event, data=kwargs)
           ^^^^^^^^^^^^^^^^^^^^^^^^^^^^^^^^^^^^^^^^^^^^^^^^^^^^^^^^^^^^^^^^^^^^^^^^
  File "C:\Users\Hp\AppData\Local\Programs\Python\Python313\Lib\site-packages\aiogram\dispatcher\router.py", line 153, in _wrapped
    return await self._propagate_event(
           ^^^^^^^^^^^^^^^^^^^^^^^^^^^^
    ...<4 lines>...
    )
    ^
  File "C:\Users\Hp\AppData\Local\Programs\Python\Python313\Lib\site-packages\aiogram\dispatcher\router.py", line 189, in _propagate_event
    response = await router.propagate_event(update_type=update_type, event=event, **kwargs)
               ^^^^^^^^^^^^^^^^^^^^^^^^^^^^^^^^^^^^^^^^^^^^^^^^^^^^^^^^^^^^^^^^^^^^^^^^^^^^
  File "C:\Users\Hp\AppData\Local\Programs\Python\Python313\Lib\site-packages\aiogram\dispatcher\router.py", line 161, in propagate_event
    return await observer.wrap_outer_middleware(_wrapped, event=event, data=kwargs)
           ^^^^^^^^^^^^^^^^^^^^^^^^^^^^^^^^^^^^^^^^^^^^^^^^^^^^^^^^^^^^^^^^^^^^^^^^
  File "C:\Users\Hp\AppData\Local\Programs\Python\Python313\Lib\site-packages\aiogram\dispatcher\router.py", line 153, in _wrapped
    return await self._propagate_event(
           ^^^^^^^^^^^^^^^^^^^^^^^^^^^^
    ...<4 lines>...
    )
    ^
  File "C:\Users\Hp\AppData\Local\Programs\Python\Python313\Lib\site-packages\aiogram\dispatcher\router.py", line 181, in _propagate_event
    response = await observer.trigger(event, **kwargs)
               ^^^^^^^^^^^^^^^^^^^^^^^^^^^^^^^^^^^^^^^
  File "C:\Users\Hp\AppData\Local\Programs\Python\Python313\Lib\site-packages\aiogram\dispatcher\event\telegram.py", line 126, in trigger
    return await wrapped_inner(event, kwargs)
           ^^^^^^^^^^^^^^^^^^^^^^^^^^^^^^^^^^
  File "C:\Users\Hp\AppData\Local\Programs\Python\Python313\Lib\site-packages\aiogram\dispatcher\event\handler.py", line 43, in call
    return await wrapped()
           ^^^^^^^^^^^^^^^
  File "C:\Users\Hp\Documents\Telegram Bot\movie_bot\handlers\user.py", line 145, in handle_user_message
    await bot.send_video(
    ...<4 lines>...
    )
  File "C:\Users\Hp\AppData\Local\Programs\Python\Python313\Lib\site-packages\aiogram\client\bot.py", line 3304, in send_video
    call = SendVideo(
        chat_id=chat_id,
    ...<24 lines>...
        reply_to_message_id=reply_to_message_id,
    )
  File "C:\Users\Hp\AppData\Local\Programs\Python\Python313\Lib\site-packages\pydantic\main.py", line 250, in __init__
    validated_self = self.__pydantic_validator__.validate_python(data, self_instance=self)
pydantic_core._pydantic_core.ValidationError: 2 validation errors for SendVideo
video.str
  Input should be a valid string [type=string_type, input_value=None, input_type=NoneType]
    For further information visit https://errors.pydantic.dev/2.12/v/string_type
video.is-instance[InputFile]
  Input should be an instance of InputFile [type=is_instance_of, input_value=None, input_type=NoneType]
    For further information visit https://errors.pydantic.dev/2.12/v/is_instance_of
2026-09-05 17:31:15,461 - [INFO] - aiogram.event - Update id=514871481 is handled. Duration 203 ms by bot id=8621462566
2026-09-05 17:31:18,714 - [INFO] - aiogram.event - Update id=514871482 is not handled. Duration 8 ms by bot id=8621462566
2026-09-05 17:31:18,715 - [ERROR] - aiogram.event - Cause exception while process update id=514871482 by bot id=8621462566
ValidationError: 2 validation errors for SendVideo
video.str
  Input should be a valid string [type=string_type, input_value=None, input_type=NoneType]
    For further information visit https://errors.pydantic.dev/2.12/v/string_type
video.is-instance[InputFile]
  Input should be an instance of InputFile [type=is_instance_of, input_value=None, input_type=NoneType]
    For further information visit https://errors.pydantic.dev/2.12/v/is_instance_of
Traceback (most recent call last):
  File "C:\Users\Hp\AppData\Local\Programs\Python\Python313\Lib\site-packages\aiogram\dispatcher\dispatcher.py", line 320, in _process_update
    response = await self.feed_update(bot, update, **kwargs)
               ^^^^^^^^^^^^^^^^^^^^^^^^^^^^^^^^^^^^^^^^^^^^^
  File "C:\Users\Hp\AppData\Local\Programs\Python\Python313\Lib\site-packages\aiogram\dispatcher\dispatcher.py", line 164, in feed_update
    response = await self.update.wrap_outer_middleware(
               ^^^^^^^^^^^^^^^^^^^^^^^^^^^^^^^^^^^^^^^^
    ...<7 lines>...
    )
    ^
  File "C:\Users\Hp\AppData\Local\Programs\Python\Python313\Lib\site-packages\aiogram\dispatcher\middlewares\error.py", line 27, in __call__
    return await handler(event, data)
           ^^^^^^^^^^^^^^^^^^^^^^^^^^
  File "C:\Users\Hp\AppData\Local\Programs\Python\Python313\Lib\site-packages\aiogram\dispatcher\middlewares\user_context.py", line 58, in __call__
    return await handler(event, data)
           ^^^^^^^^^^^^^^^^^^^^^^^^^^
  File "C:\Users\Hp\AppData\Local\Programs\Python\Python313\Lib\site-packages\aiogram\fsm\middleware.py", line 43, in __call__
    return await handler(event, data)
           ^^^^^^^^^^^^^^^^^^^^^^^^^^
  File "C:\Users\Hp\AppData\Local\Programs\Python\Python313\Lib\site-packages\aiogram\dispatcher\event\telegram.py", line 126, in trigger
    return await wrapped_inner(event, kwargs)
           ^^^^^^^^^^^^^^^^^^^^^^^^^^^^^^^^^^
  File "C:\Users\Hp\AppData\Local\Programs\Python\Python313\Lib\site-packages\aiogram\dispatcher\event\handler.py", line 43, in call
    return await wrapped()
           ^^^^^^^^^^^^^^^
  File "C:\Users\Hp\AppData\Local\Programs\Python\Python313\Lib\site-packages\aiogram\dispatcher\dispatcher.py", line 283, in _listen_update
    return await self.propagate_event(update_type=update_type, event=event, **kwargs)
           ^^^^^^^^^^^^^^^^^^^^^^^^^^^^^^^^^^^^^^^^^^^^^^^^^^^^^^^^^^^^^^^^^^^^^^^^^^
  File "C:\Users\Hp\AppData\Local\Programs\Python\Python313\Lib\site-packages\aiogram\dispatcher\router.py", line 161, in propagate_event
    return await observer.wrap_outer_middleware(_wrapped, event=event, data=kwargs)
           ^^^^^^^^^^^^^^^^^^^^^^^^^^^^^^^^^^^^^^^^^^^^^^^^^^^^^^^^^^^^^^^^^^^^^^^^
  File "C:\Users\Hp\AppData\Local\Programs\Python\Python313\Lib\site-packages\aiogram\dispatcher\router.py", line 153, in _wrapped
    return await self._propagate_event(
           ^^^^^^^^^^^^^^^^^^^^^^^^^^^^
    ...<4 lines>...
    )
    ^
  File "C:\Users\Hp\AppData\Local\Programs\Python\Python313\Lib\site-packages\aiogram\dispatcher\router.py", line 189, in _propagate_event
    response = await router.propagate_event(update_type=update_type, event=event, **kwargs)
               ^^^^^^^^^^^^^^^^^^^^^^^^^^^^^^^^^^^^^^^^^^^^^^^^^^^^^^^^^^^^^^^^^^^^^^^^^^^^
  File "C:\Users\Hp\AppData\Local\Programs\Python\Python313\Lib\site-packages\aiogram\dispatcher\router.py", line 161, in propagate_event
    return await observer.wrap_outer_middleware(_wrapped, event=event, data=kwargs)
           ^^^^^^^^^^^^^^^^^^^^^^^^^^^^^^^^^^^^^^^^^^^^^^^^^^^^^^^^^^^^^^^^^^^^^^^^
  File "C:\Users\Hp\AppData\Local\Programs\Python\Python313\Lib\site-packages\aiogram\dispatcher\router.py", line 153, in _wrapped
    return await self._propagate_event(
           ^^^^^^^^^^^^^^^^^^^^^^^^^^^^
    ...<4 lines>...
    )
    ^
  File "C:\Users\Hp\AppData\Local\Programs\Python\Python313\Lib\site-packages\aiogram\dispatcher\router.py", line 181, in _propagate_event
    response = await observer.trigger(event, **kwargs)
               ^^^^^^^^^^^^^^^^^^^^^^^^^^^^^^^^^^^^^^^
  File "C:\Users\Hp\AppData\Local\Programs\Python\Python313\Lib\site-packages\aiogram\dispatcher\event\telegram.py", line 126, in trigger
    return await wrapped_inner(event, kwargs)
           ^^^^^^^^^^^^^^^^^^^^^^^^^^^^^^^^^^
  File "C:\Users\Hp\AppData\Local\Programs\Python\Python313\Lib\site-packages\aiogram\dispatcher\event\handler.py", line 43, in call
    return await wrapped()
           ^^^^^^^^^^^^^^^
  File "C:\Users\Hp\Documents\Telegram Bot\movie_bot\handlers\user.py", line 145, in handle_user_message
    await bot.send_video(
    ...<4 lines>...
    )
  File "C:\Users\Hp\AppData\Local\Programs\Python\Python313\Lib\site-packages\aiogram\client\bot.py", line 3304, in send_video
    call = SendVideo(
        chat_id=chat_id,
    ...<24 lines>...
        reply_to_message_id=reply_to_message_id,
    )
  File "C:\Users\Hp\AppData\Local\Programs\Python\Python313\Lib\site-packages\pydantic\main.py", line 250, in __init__
    validated_self = self.__pydantic_validator__.validate_python(data, self_instance=self)
pydantic_core._pydantic_core.ValidationError: 2 validation errors for SendVideo
video.str
  Input should be a valid string [type=string_type, input_value=None, input_type=NoneType]
    For further information visit https://errors.pydantic.dev/2.12/v/string_type
video.is-instance[InputFile]
  Input should be an instance of InputFile [type=is_instance_of, input_value=None, input_type=NoneType]
    For further information visit https://errors.pydantic.dev/2.12/v/is_instance_of
2026-09-05 17:31:21,236 - [INFO] - aiogram.event - Update id=514871483 is not handled. Duration 7 ms by bot id=8621462566
2026-09-05 17:31:21,236 - [ERROR] - aiogram.event - Cause exception while process update id=514871483 by bot id=8621462566
ValidationError: 2 validation errors for SendVideo
video.str
  Input should be a valid string [type=string_type, input_value=None, input_type=NoneType]
    For further information visit https://errors.pydantic.dev/2.12/v/string_type
video.is-instance[InputFile]
  Input should be an instance of InputFile [type=is_instance_of, input_value=None, input_type=NoneType]
    For further information visit https://errors.pydantic.dev/2.12/v/is_instance_of
Traceback (most recent call last):
  File "C:\Users\Hp\AppData\Local\Programs\Python\Python313\Lib\site-packages\aiogram\dispatcher\dispatcher.py", line 320, in _process_update
    response = await self.feed_update(bot, update, **kwargs)
               ^^^^^^^^^^^^^^^^^^^^^^^^^^^^^^^^^^^^^^^^^^^^^
  File "C:\Users\Hp\AppData\Local\Programs\Python\Python313\Lib\site-packages\aiogram\dispatcher\dispatcher.py", line 164, in feed_update
    response = await self.update.wrap_outer_middleware(
               ^^^^^^^^^^^^^^^^^^^^^^^^^^^^^^^^^^^^^^^^
    ...<7 lines>...
    )
    ^
  File "C:\Users\Hp\AppData\Local\Programs\Python\Python313\Lib\site-packages\aiogram\dispatcher\middlewares\error.py", line 27, in __call__
    return await handler(event, data)
           ^^^^^^^^^^^^^^^^^^^^^^^^^^
  File "C:\Users\Hp\AppData\Local\Programs\Python\Python313\Lib\site-packages\aiogram\dispatcher\middlewares\user_context.py", line 58, in __call__
    return await handler(event, data)
           ^^^^^^^^^^^^^^^^^^^^^^^^^^
  File "C:\Users\Hp\AppData\Local\Programs\Python\Python313\Lib\site-packages\aiogram\fsm\middleware.py", line 43, in __call__
    return await handler(event, data)
           ^^^^^^^^^^^^^^^^^^^^^^^^^^
  File "C:\Users\Hp\AppData\Local\Programs\Python\Python313\Lib\site-packages\aiogram\dispatcher\event\telegram.py", line 126, in trigger
    return await wrapped_inner(event, kwargs)
           ^^^^^^^^^^^^^^^^^^^^^^^^^^^^^^^^^^
  File "C:\Users\Hp\AppData\Local\Programs\Python\Python313\Lib\site-packages\aiogram\dispatcher\event\handler.py", line 43, in call
    return await wrapped()
           ^^^^^^^^^^^^^^^
  File "C:\Users\Hp\AppData\Local\Programs\Python\Python313\Lib\site-packages\aiogram\dispatcher\dispatcher.py", line 283, in _listen_update
    return await self.propagate_event(update_type=update_type, event=event, **kwargs)
           ^^^^^^^^^^^^^^^^^^^^^^^^^^^^^^^^^^^^^^^^^^^^^^^^^^^^^^^^^^^^^^^^^^^^^^^^^^
  File "C:\Users\Hp\AppData\Local\Programs\Python\Python313\Lib\site-packages\aiogram\dispatcher\router.py", line 161, in propagate_event
    return await observer.wrap_outer_middleware(_wrapped, event=event, data=kwargs)
           ^^^^^^^^^^^^^^^^^^^^^^^^^^^^^^^^^^^^^^^^^^^^^^^^^^^^^^^^^^^^^^^^^^^^^^^^
  File "C:\Users\Hp\AppData\Local\Programs\Python\Python313\Lib\site-packages\aiogram\dispatcher\router.py", line 153, in _wrapped
    return await self._propagate_event(
           ^^^^^^^^^^^^^^^^^^^^^^^^^^^^
    ...<4 lines>...
    )
    ^
  File "C:\Users\Hp\AppData\Local\Programs\Python\Python313\Lib\site-packages\aiogram\dispatcher\router.py", line 189, in _propagate_event
    response = await router.propagate_event(update_type=update_type, event=event, **kwargs)
               ^^^^^^^^^^^^^^^^^^^^^^^^^^^^^^^^^^^^^^^^^^^^^^^^^^^^^^^^^^^^^^^^^^^^^^^^^^^^
  File "C:\Users\Hp\AppData\Local\Programs\Python\Python313\Lib\site-packages\aiogram\dispatcher\router.py", line 161, in propagate_event
    return await observer.wrap_outer_middleware(_wrapped, event=event, data=kwargs)
           ^^^^^^^^^^^^^^^^^^^^^^^^^^^^^^^^^^^^^^^^^^^^^^^^^^^^^^^^^^^^^^^^^^^^^^^^
  File "C:\Users\Hp\AppData\Local\Programs\Python\Python313\Lib\site-packages\aiogram\dispatcher\router.py", line 153, in _wrapped
    return await self._propagate_event(
           ^^^^^^^^^^^^^^^^^^^^^^^^^^^^
    ...<4 lines>...
    )
    ^
  File "C:\Users\Hp\AppData\Local\Programs\Python\Python313\Lib\site-packages\aiogram\dispatcher\router.py", line 181, in _propagate_event
    response = await observer.trigger(event, **kwargs)
               ^^^^^^^^^^^^^^^^^^^^^^^^^^^^^^^^^^^^^^^
  File "C:\Users\Hp\AppData\Local\Programs\Python\Python313\Lib\site-packages\aiogram\dispatcher\event\telegram.py", line 126, in trigger
    return await wrapped_inner(event, kwargs)
           ^^^^^^^^^^^^^^^^^^^^^^^^^^^^^^^^^^
  File "C:\Users\Hp\AppData\Local\Programs\Python\Python313\Lib\site-packages\aiogram\dispatcher\event\handler.py", line 43, in call
    return await wrapped()
           ^^^^^^^^^^^^^^^
  File "C:\Users\Hp\Documents\Telegram Bot\movie_bot\handlers\user.py", line 145, in handle_user_message
    await bot.send_video(
    ...<4 lines>...
    )
  File "C:\Users\Hp\AppData\Local\Programs\Python\Python313\Lib\site-packages\aiogram\client\bot.py", line 3304, in send_video
    call = SendVideo(
        chat_id=chat_id,
    ...<24 lines>...
        reply_to_message_id=reply_to_message_id,
    )
  File "C:\Users\Hp\AppData\Local\Programs\Python\Python313\Lib\site-packages\pydantic\main.py", line 250, in __init__
    validated_self = self.__pydantic_validator__.validate_python(data, self_instance=self)
pydantic_core._pydantic_core.ValidationError: 2 validation errors for SendVideo
video.str
  Input should be a valid string [type=string_type, input_value=None, input_type=NoneType]
    For further information visit https://errors.pydantic.dev/2.12/v/string_type
video.is-instance[InputFile]
  Input should be an instance of InputFile [type=is_instance_of, input_value=None, input_type=NoneType]
    For further information visit https://errors.pydantic.dev/2.12/v/is_instance_of
2026-09-05 17:31:54,477 - [INFO] - aiogram.event - Update id=514871484 is handled. Duration 203 ms by bot id=8621462566
2026-09-05 17:32:02,567 - [INFO] - aiogram.event - Update id=514871485 is handled. Duration 200 ms by bot id=8621462566
2026-09-05 17:32:06,458 - [INFO] - aiogram.event - Update id=514871486 is handled. Duration 203 ms by bot id=8621462566
2026-09-05 17:32:24,711 - [INFO] - aiogram.event - Update id=514871487 is not handled. Duration 1 ms by bot id=8621462566
2026-09-05 17:32:41,595 - [INFO] - aiogram.event - Update id=514871488 is not handled. Duration 1 ms by bot id=8621462566
2026-09-05 17:32:44,673 - [INFO] - aiogram.event - Update id=514871489 is handled. Duration 186 ms by bot id=8621462566
2026-09-05 17:32:50,141 - [INFO] - aiogram.event - Update id=514871490 is handled. Duration 157 ms by bot id=8621462566
2026-09-05 17:32:51,725 - [INFO] - aiogram.event - Update id=514871491 is handled. Duration 198 ms by bot id=8621462566
2026-09-05 17:32:53,625 - [INFO] - aiogram.event - Update id=514871492 is handled. Duration 159 ms by bot id=8621462566
2026-09-05 17:37:57,338 - [INFO] - MovieHub - Bot ishga tushirilmoqda...
2026-09-05 17:37:57,346 - [INFO] - database - Ma'lumotlar bazasi muvaffaqiyatli ishga tushirildi.
2026-09-05 17:37:59,047 - [INFO] - aiogram.dispatcher - Start polling
2026-09-05 17:37:59,252 - [INFO] - aiogram.dispatcher - Run polling for bot @mov1ehubbot id=8621462566 - 'MovieHub'
2026-09-05 17:38:13,976 - [INFO] - aiogram.event - Update id=514871493 is handled. Duration 553 ms by bot id=8621462566
2026-09-05 17:38:18,571 - [INFO] - aiogram.event - Update id=514871494 is handled. Duration 232 ms by bot id=8621462566
2026-09-05 17:38:20,941 - [INFO] - aiogram.event - Update id=514871495 is handled. Duration 1140 ms by bot id=8621462566
2026-09-05 17:38:21,644 - [INFO] - aiogram.event - Update id=514871496 is handled. Duration 204 ms by bot id=8621462566
2026-09-05 17:38:41,889 - [INFO] - aiogram.event - Update id=514871497 is not handled. Duration 2 ms by bot id=8621462566
2026-09-05 17:38:59,048 - [INFO] - aiogram.event - Update id=514871498 is not handled. Duration 3 ms by bot id=8621462566
2026-09-05 17:39:03,431 - [INFO] - aiogram.event - Update id=514871499 is handled. Duration 145 ms by bot id=8621462566
2026-09-05 17:39:05,984 - [INFO] - aiogram.event - Update id=514871500 is handled. Duration 202 ms by bot id=8621462566
2026-09-05 17:42:19,838 - [INFO] - MovieHub - Bot ishga tushirilmoqda...
2026-09-05 17:42:19,845 - [INFO] - database - Ma'lumotlar bazasi muvaffaqiyatli ishga tushirildi.
2026-09-05 17:42:21,166 - [INFO] - aiogram.dispatcher - Start polling
2026-09-05 17:42:21,270 - [INFO] - aiogram.dispatcher - Run polling for bot @mov1ehubbot id=8621462566 - 'MovieHub'
2026-09-05 17:42:28,453 - [INFO] - aiogram.event - Update id=514871501 is handled. Duration 513 ms by bot id=8621462566
2026-09-05 17:42:30,701 - [INFO] - aiogram.event - Update id=514871502 is handled. Duration 165 ms by bot id=8621462566
2026-09-05 17:42:45,963 - [ERROR] - database - Kinoni saqlashda xatolik: NOT NULL constraint failed: movies.channel_id
2026-09-05 17:42:46,091 - [INFO] - handlers.admin - Yangi kino saqlandi: Kod [1] - [Kino nomi]
2026-09-05 17:42:46,092 - [INFO] - aiogram.event - Update id=514871503 is handled. Duration 134 ms by bot id=8621462566
2026-09-05 17:43:00,085 - [INFO] - aiogram.event - Update id=514871504 is handled. Duration 148 ms by bot id=8621462566
2026-09-05 17:43:01,562 - [INFO] - aiogram.event - Update id=514871505 is handled. Duration 148 ms by bot id=8621462566
2026-09-05 17:43:06,325 - [INFO] - aiogram.event - Update id=514871506 is handled. Duration 278 ms by bot id=8621462566
2026-09-05 17:47:20,082 - [INFO] - MovieHub - Bot ishga tushirilmoqda...
2026-09-05 17:47:20,107 - [INFO] - database - Ma'lumotlar bazasi muvaffaqiyatli ishga tushirildi.
2026-09-05 17:47:21,833 - [INFO] - aiogram.dispatcher - Start polling
2026-09-05 17:47:21,939 - [INFO] - aiogram.dispatcher - Run polling for bot @mov1ehubbot id=8621462566 - 'MovieHub'
2026-09-05 17:47:27,673 - [INFO] - aiogram.event - Update id=514871507 is handled. Duration 491 ms by bot id=8621462566
2026-09-05 17:47:32,479 - [INFO] - aiogram.event - Update id=514871508 is handled. Duration 198 ms by bot id=8621462566
2026-09-05 17:47:48,251 - [INFO] - handlers.admin - Yangi kino saqlandi: Kod [1] - [Kino nomi]
2026-09-05 17:47:48,251 - [INFO] - aiogram.event - Update id=514871509 is handled. Duration 244 ms by bot id=8621462566
2026-09-05 17:47:50,092 - [INFO] - aiogram.event - Update id=514871510 is handled. Duration 135 ms by bot id=8621462566
2026-09-05 17:48:04,123 - [INFO] - handlers.admin - Yangi kino saqlandi: Kod [34] - [Kino nomi]
2026-09-05 17:48:04,124 - [INFO] - aiogram.event - Update id=514871511 is handled. Duration 205 ms by bot id=8621462566
2026-09-05 17:48:05,973 - [INFO] - aiogram.event - Update id=514871512 is handled. Duration 210 ms by bot id=8621462566
2026-09-05 17:48:07,401 - [INFO] - aiogram.event - Update id=514871513 is handled. Duration 205 ms by bot id=8621462566
2026-09-05 17:48:08,730 - [INFO] - aiogram.event - Update id=514871514 is handled. Duration 289 ms by bot id=8621462566
